Archive member included to satisfy reference by file (symbol)

/opt/st/stm32cubeide_1.13.1/plugins/com.st.stm32cube.ide.mcu.externaltools.gnu-tools-for-stm32.11.3.rel1.linux64_1.1.0.202305231506/tools/bin/../lib/gcc/arm-none-eabi/11.3.1/../../../../arm-none-eabi/lib/thumb/v7-m/nofp/libc_nano.a(libc_a-exit.o)
                              /opt/st/stm32cubeide_1.13.1/plugins/com.st.stm32cube.ide.mcu.externaltools.gnu-tools-for-stm32.11.3.rel1.linux64_1.1.0.202305231506/tools/bin/../lib/gcc/arm-none-eabi/11.3.1/../../../../arm-none-eabi/lib/thumb/v7-m/nofp/crt0.o (exit)
/opt/st/stm32cubeide_1.13.1/plugins/com.st.stm32cube.ide.mcu.externaltools.gnu-tools-for-stm32.11.3.rel1.linux64_1.1.0.202305231506/tools/bin/../lib/gcc/arm-none-eabi/11.3.1/../../../../arm-none-eabi/lib/thumb/v7-m/nofp/libc_nano.a(libc_a-findfp.o)
                              /opt/st/stm32cubeide_1.13.1/plugins/com.st.stm32cube.ide.mcu.externaltools.gnu-tools-for-stm32.11.3.rel1.linux64_1.1.0.202305231506/tools/bin/../lib/gcc/arm-none-eabi/11.3.1/../../../../arm-none-eabi/lib/thumb/v7-m/nofp/libc_nano.a(libc_a-exit.o) (__stdio_exit_handler)
/opt/st/stm32cubeide_1.13.1/plugins/com.st.stm32cube.ide.mcu.externaltools.gnu-tools-for-stm32.11.3.rel1.linux64_1.1.0.202305231506/tools/bin/../lib/gcc/arm-none-eabi/11.3.1/../../../../arm-none-eabi/lib/thumb/v7-m/nofp/libc_nano.a(libc_a-fwalk.o)
                              /opt/st/stm32cubeide_1.13.1/plugins/com.st.stm32cube.ide.mcu.externaltools.gnu-tools-for-stm32.11.3.rel1.linux64_1.1.0.202305231506/tools/bin/../lib/gcc/arm-none-eabi/11.3.1/../../../../arm-none-eabi/lib/thumb/v7-m/nofp/libc_nano.a(libc_a-findfp.o) (_fwalk_sglue)
/opt/st/stm32cubeide_1.13.1/plugins/com.st.stm32cube.ide.mcu.externaltools.gnu-tools-for-stm32.11.3.rel1.linux64_1.1.0.202305231506/tools/bin/../lib/gcc/arm-none-eabi/11.3.1/../../../../arm-none-eabi/lib/thumb/v7-m/nofp/libc_nano.a(libc_a-stdio.o)
                              /opt/st/stm32cubeide_1.13.1/plugins/com.st.stm32cube.ide.mcu.externaltools.gnu-tools-for-stm32.11.3.rel1.linux64_1.1.0.202305231506/tools/bin/../lib/gcc/arm-none-eabi/11.3.1/../../../../arm-none-eabi/lib/thumb/v7-m/nofp/libc_nano.a(libc_a-findfp.o) (__sread)
/opt/st/stm32cubeide_1.13.1/plugins/com.st.stm32cube.ide.mcu.externaltools.gnu-tools-for-stm32.11.3.rel1.linux64_1.1.0.202305231506/tools/bin/../lib/gcc/arm-none-eabi/11.3.1/../../../../arm-none-eabi/lib/thumb/v7-m/nofp/libc_nano.a(libc_a-vsnprintf.o)
                              ./bootloader/bootloader.o (vsnprintf)
/opt/st/stm32cubeide_1.13.1/plugins/com.st.stm32cube.ide.mcu.externaltools.gnu-tools-for-stm32.11.3.rel1.linux64_1.1.0.202305231506/tools/bin/../lib/gcc/arm-none-eabi/11.3.1/../../../../arm-none-eabi/lib/thumb/v7-m/nofp/libc_nano.a(libc_a-memset.o)
                              /opt/st/stm32cubeide_1.13.1/plugins/com.st.stm32cube.ide.mcu.externaltools.gnu-tools-for-stm32.11.3.rel1.linux64_1.1.0.202305231506/tools/bin/../lib/gcc/arm-none-eabi/11.3.1/../../../../arm-none-eabi/lib/thumb/v7-m/nofp/crt0.o (memset)
/opt/st/stm32cubeide_1.13.1/plugins/com.st.stm32cube.ide.mcu.externaltools.gnu-tools-for-stm32.11.3.rel1.linux64_1.1.0.202305231506/tools/bin/../lib/gcc/arm-none-eabi/11.3.1/../../../../arm-none-eabi/lib/thumb/v7-m/nofp/libc_nano.a(libc_a-closer.o)
                              /opt/st/stm32cubeide_1.13.1/plugins/com.st.stm32cube.ide.mcu.externaltools.gnu-tools-for-stm32.11.3.rel1.linux64_1.1.0.202305231506/tools/bin/../lib/gcc/arm-none-eabi/11.3.1/../../../../arm-none-eabi/lib/thumb/v7-m/nofp/libc_nano.a(libc_a-stdio.o) (_close_r)
/opt/st/stm32cubeide_1.13.1/plugins/com.st.stm32cube.ide.mcu.externaltools.gnu-tools-for-stm32.11.3.rel1.linux64_1.1.0.202305231506/tools/bin/../lib/gcc/arm-none-eabi/11.3.1/../../../../arm-none-eabi/lib/thumb/v7-m/nofp/libc_nano.a(libc_a-reent.o)
                              /opt/st/stm32cubeide_1.13.1/plugins/com.st.stm32cube.ide.mcu.externaltools.gnu-tools-for-stm32.11.3.rel1.linux64_1.1.0.202305231506/tools/bin/../lib/gcc/arm-none-eabi/11.3.1/../../../../arm-none-eabi/lib/thumb/v7-m/nofp/libc_nano.a(libc_a-closer.o) (errno)
/opt/st/stm32cubeide_1.13.1/plugins/com.st.stm32cube.ide.mcu.externaltools.gnu-tools-for-stm32.11.3.rel1.linux64_1.1.0.202305231506/tools/bin/../lib/gcc/arm-none-eabi/11.3.1/../../../../arm-none-eabi/lib/thumb/v7-m/nofp/libc_nano.a(libc_a-impure.o)
                              /opt/st/stm32cubeide_1.13.1/plugins/com.st.stm32cube.ide.mcu.externaltools.gnu-tools-for-stm32.11.3.rel1.linux64_1.1.0.202305231506/tools/bin/../lib/gcc/arm-none-eabi/11.3.1/../../../../arm-none-eabi/lib/thumb/v7-m/nofp/libc_nano.a(libc_a-vsnprintf.o) (_impure_ptr)
/opt/st/stm32cubeide_1.13.1/plugins/com.st.stm32cube.ide.mcu.externaltools.gnu-tools-for-stm32.11.3.rel1.linux64_1.1.0.202305231506/tools/bin/../lib/gcc/arm-none-eabi/11.3.1/../../../../arm-none-eabi/lib/thumb/v7-m/nofp/libc_nano.a(libc_a-lseekr.o)
[...]
Memory Configuration

Name             Origin             Length             Attributes
RAM              0x0000000020000000 0x0000000000005000 xrw
FLASH            0x0000000008000000 0x0000000000010000 xr
*default*        0x0000000000000000 0xffffffffffffffff

Linker script and memory map

LOAD /opt/st/stm32cubeide_1.13.1/plugins/com.st.stm32cube.ide.mcu.externaltools.gnu-tools-for-stm32.11.3.rel1.linux64_1.1.0.202305231506/tools/bin/../lib/gcc/arm-none-eabi/11.3.1/thumb/v7-m/nofp/crti.o
LOAD /opt/st/stm32cubeide_1.13.1/plugins/com.st.stm32cube.ide.mcu.externaltools.gnu-tools-for-stm32.11.3.rel1.linux64_1.1.0.202305231506/tools/bin/../lib/gcc/arm-none-eabi/11.3.1/thumb/v7-m/nofp/crtbegin.o
LOAD /opt/st/stm32cubeide_1.13.1/plugins/com.st.stm32cube.ide.mcu.externaltools.gnu-tools-for-stm32.11.3.rel1.linux64_1.1.0.202305231506/tools/bin/../lib/gcc/arm-none-eabi/11.3.1/../../../../arm-none-eabi/lib/thumb/v7-m/nofp/crt0.o
LOAD ./Core/Src/main.o
LOAD ./Core/Src/stm32f1xx_hal_msp.o
LOAD ./Core/Src/stm32f1xx_it.o
LOAD ./Core/Src/syscalls.o
LOAD ./Core/Src/sysmem.o
LOAD ./Core/Src/system_stm32f1xx.o
LOAD ./Core/Startup/startup_stm32f103c8tx.o
LOAD ./Drivers/STM32F1xx_HAL_Driver/Src/stm32f1xx_hal.o
LOAD ./Drivers/STM32F1xx_HAL_Driver/Src/stm32f1xx_hal_cortex.o
LOAD ./Drivers/STM32F1xx_HAL_Driver/Src/stm32f1xx_hal_crc.o
LOAD ./Drivers/STM32F1xx_HAL_Driver/Src/stm32f1xx_hal_dma.o
LOAD ./Drivers/STM32F1xx_HAL_Driver/Src/stm32f1xx_hal_exti.o
LOAD ./Drivers/STM32F1xx_HAL_Driver/Src/stm32f1xx_hal_flash.o
LOAD ./Drivers/STM32F1xx_HAL_Driver/Src/stm32f1xx_hal_flash_ex.o
LOAD ./Drivers/STM32F1xx_HAL_Driver/Src/stm32f1xx_hal_gpio.o
LOAD ./Drivers/STM32F1xx_HAL_Driver/Src/stm32f1xx_hal_gpio_ex.o
LOAD ./Drivers/STM32F1xx_HAL_Driver/Src/stm32f1xx_hal_pwr.o
LOAD ./Drivers/STM32F1xx_HAL_Driver/Src/stm32f1xx_hal_rcc.o
LOAD ./Drivers/STM32F1xx_HAL_Driver/Src/stm32f1xx_hal_rcc_ex.o
LOAD ./Drivers/STM32F1xx_HAL_Driver/Src/stm32f1xx_hal_uart.o
LOAD ./bootloader/bootloader.o
START GROUP
LOAD /opt/st/stm32cubeide_1.13.1/plugins/com.st.stm32cube.ide.mcu.externaltools.gnu-tools-for-stm32.11.3.rel1.linux64_1.1.0.202305231506/tools/bin/../lib/gcc/arm-none-eabi/11.3.1/../../../../arm-none-eabi/lib/thumb/v7-m/nofp/libc_nano.a
LOAD /opt/st/stm32cubeide_1.13.1/plugins/com.st.stm32cube.ide.mcu.externaltools.gnu-tools-for-stm32.11.3.rel1.linux64_1.1.0.202305231506/tools/bin/../lib/gcc/arm-none-eabi/11.3.1/../../../../arm-none-eabi/lib/thumb/v7-m/nofp/libm.a
END GROUP
START GROUP
LOAD /opt/st/stm32cubeide_1.13.1/plugins/com.st.stm32cube.ide.mcu.externaltools.gnu-tools-for-stm32.11.3.rel1.linux64_1.1.0.202305231506/tools/bin/../lib/gcc/arm-none-eabi/11.3.1/thumb/v7-m/nofp/libgcc.a
LOAD /opt/st/stm32cubeide_1.13.1/plugins/com.st.stm32cube.ide.mcu.externaltools.gnu-tools-for-stm32.11.3.rel1.linux64_1.1.0.202305231506/tools/bin/../lib/gcc/arm-none-eabi/11.3.1/../../../../arm-none-eabi/lib/thumb/v7-m/nofp/libc_nano.a
END GROUP
START GROUP
LOAD /opt/st/stm32cubeide_1.13.1/plugins/com.st.stm32cube.ide.mcu.externaltools.gnu-tools-for-stm32.11.3.rel1.linux64_1.1.0.202305231506/tools/bin/../lib/gcc/arm-none-eabi/11.3.1/thumb/v7-m/nofp/libgcc.a
LOAD /opt/st/stm32cubeide_1.13.1/plugins/com.st.stm32cube.ide.mcu.externaltools.gnu-tools-for-stm32.11.3.rel1.linux64_1.1.0.202305231506/tools/bin/../lib/gcc/arm-none-eabi/11.3.1/../../../../arm-none-eabi/lib/thumb/v7-m/nofp/libc_nano.a
LOAD /opt/st/stm32cubeide_1.13.1/plugins/com.st.stm32cube.ide.mcu.externaltools.gnu-tools-for-stm32.11.3.rel1.linux64_1.1.0.202305231506/tools/bin/../lib/gcc/arm-none-eabi/11.3.1/../../../../arm-none-eabi/lib/thumb/v7-m/nofp/libnosys.a
END GROUP
START GROUP
LOAD /opt/st/stm32cubeide_1.13.1/plugins/com.st.stm32cube.ide.mcu.externaltools.gnu-tools-for-stm32.11.3.rel1.linux64_1.1.0.202305231506/tools/bin/../lib/gcc/arm-none-eabi/11.3.1/thumb/v7-m/nofp/libgcc.a
LOAD /opt/st/stm32cubeide_1.13.1/plugins/com.st.stm32cube.ide.mcu.externaltools.gnu-tools-for-stm32.11.3.rel1.linux64_1.1.0.202305231506/tools/bin/../lib/gcc/arm-none-eabi/11.3.1/../../../../arm-none-eabi/lib/thumb/v7-m/nofp/libc_nano.a
LOAD /opt/st/stm32cubeide_1.13.1/plugins/com.st.stm32cube.ide.mcu.externaltools.gnu-tools-for-stm32.11.3.rel1.linux64_1.1.0.202305231506/tools/bin/../lib/gcc/arm-none-eabi/11.3.1/../../../../arm-none-eabi/lib/thumb/v7-m/nofp/libnosys.a
END GROUP
LOAD /opt/st/stm32cubeide_1.13.1/plugins/com.st.stm32cube.ide.mcu.externaltools.gnu-tools-for-stm32.11.3.rel1.linux64_1.1.0.202305231506/tools/bin/../lib/gcc/arm-none-eabi/11.3.1/thumb/v7-m/nofp/crtend.o
LOAD /opt/st/stm32cubeide_1.13.1/plugins/com.st.stm32cube.ide.mcu.externaltools.gnu-tools-for-stm32.11.3.rel1.linux64_1.1.0.202305231506/tools/bin/../lib/gcc/arm-none-eabi/11.3.1/thumb/v7-m/nofp/crtn.o
                0x0000000020005000                _estack = (ORIGIN (RAM) + LENGTH (RAM))
                0x0000000000000200                _Min_Heap_Size = 0x200
                0x0000000000000400                _Min_Stack_Size = 0x400

.isr_vector     0x0000000008000000      0x10c
                0x0000000008000000                . = ALIGN (0x4)
 *(.isr_vector)
 .isr_vector    0x0000000008000000      0x10c ./Core/Startup/startup_stm32f103c8tx.o
                0x0000000008000000                g_pfnVectors
                0x000000000800010c                . = ALIGN (0x4)

.text           0x000000000800010c     0x2a98
                0x000000000800010c                . = ALIGN (0x4)
 *(.text)
 .text          0x000000000800010c       0x40 /opt/st/stm32cubeide_1.13.1/plugins/com.st.stm32cube.ide.mcu.externaltools.gnu-tools-for-stm32.11.3.rel1.linux64_1.1.0.202305231506/tools/bin/../lib/gcc/arm-none-eabi/11.3.1/thumb/v7-m/nofp/crtbegin.o
 *(.text*)
 .text.main     0x000000000800014c       0x1e ./Core/Src/main.o
                0x000000000800014c                main
 .text.SystemClock_Config
                0x000000000800016a       0x76 ./Core/Src/main.o
                0x000000000800016a                SystemClock_Config
 .text.MX_CRC_Init
                0x00000000080001e0       0x28 ./Core/Src/main.o
 .text.MX_USART1_UART_Init
                0x0000000008000208       0x54 ./Core/Src/main.o
 .text.MX_GPIO_Init
                0x000000000800025c       0x2c ./Core/Src/main.o
 .text.Error_Handler
                0x0000000008000288        0xa ./Core/Src/main.o
                0x0000000008000288                Error_Handler
 *fill*         0x0000000008000292        0x2 
 .text.HAL_MspInit
                0x0000000008000294       0x44 ./Core/Src/stm32f1xx_hal_msp.o
                0x0000000008000294                HAL_MspInit
 .text.HAL_CRC_MspInit
                0x00000000080002d8       0x3c ./Core/Src/stm32f1xx_hal_msp.o
                0x00000000080002d8                HAL_CRC_MspInit
 .text.HAL_UART_MspInit
                0x0000000008000314       0x98 ./Core/Src/stm32f1xx_hal_msp.o
                0x0000000008000314                HAL_UART_MspInit
 .text.NMI_Handler
                0x00000000080003ac        0x6 ./Core/Src/stm32f1xx_it.o
                0x00000000080003ac                NMI_Handler
 .text.HardFault_Handler
                0x00000000080003b2        0x6 ./Core/Src/stm32f1xx_it.o
                0x00000000080003b2                HardFault_Handler
 .text.MemManage_Handler
                0x00000000080003b8        0x6 ./Core/Src/stm32f1xx_it.o
                0x00000000080003b8                MemManage_Handler
 .text.BusFault_Handler
                0x00000000080003be        0x6 ./Core/Src/stm32f1xx_it.o
                0x00000000080003be                BusFault_Handler
 .text.UsageFault_Handler
                0x00000000080003c4        0x6 ./Core/Src/stm32f1xx_it.o
                0x00000000080003c4                UsageFault_Handler
 .text.SVC_Handler
                0x00000000080003ca        0xc ./Core/Src/stm32f1xx_it.o
                0x00000000080003ca                SVC_Handler
 .text.DebugMon_Handler
                0x00000000080003d6        0xc ./Core/Src/stm32f1xx_it.o
                0x00000000080003d6                DebugMon_Handler
 .text.PendSV_Handler
                0x00000000080003e2        0xc ./Core/Src/stm32f1xx_it.o
                0x00000000080003e2                PendSV_Handler
 .text.SysTick_Handler
                0x00000000080003ee        0xc ./Core/Src/stm32f1xx_it.o
                0x00000000080003ee                SysTick_Handler
 .text.SystemInit
                0x00000000080003fa        0xc ./Core/Src/system_stm32f1xx.o
                0x00000000080003fa                SystemInit
 *fill*         0x0000000008000406        0x2 
 .text.Reset_Handler
                0x0000000008000408       0x48 ./Core/Startup/startup_stm32f103c8tx.o
                0x0000000008000408                Reset_Handler
 .text.Default_Handler
                0x0000000008000450        0x2 ./Core/Startup/startup_stm32f103c8tx.o
                0x0000000008000450                RTC_Alarm_IRQHandler
                0x0000000008000450                EXTI2_IRQHandler
                0x0000000008000450                TIM1_CC_IRQHandler
                0x0000000008000450                PVD_IRQHandler
                0x0000000008000450                EXTI3_IRQHandler
                0x0000000008000450                EXTI0_IRQHandler
                0x0000000008000450                I2C2_EV_IRQHandler
                0x0000000008000450                ADC1_2_IRQHandler
                0x0000000008000450                SPI1_IRQHandler
                0x0000000008000450                TAMPER_IRQHandler
                0x0000000008000450                DMA1_Channel4_IRQHandler
                0x0000000008000450                USART3_IRQHandler
                0x0000000008000450                RTC_IRQHandler
                0x0000000008000450                DMA1_Channel7_IRQHandler
                0x0000000008000450                CAN1_RX1_IRQHandler
                0x0000000008000450                TIM4_IRQHandler
                0x0000000008000450                I2C1_EV_IRQHandler
                0x0000000008000450                DMA1_Channel6_IRQHandler
                0x0000000008000450                TIM3_IRQHandler
                0x0000000008000450                RCC_IRQHandler
                0x0000000008000450                TIM1_TRG_COM_IRQHandler
                0x0000000008000450                DMA1_Channel1_IRQHandler
                0x0000000008000450                Default_Handler
                0x0000000008000450                EXTI15_10_IRQHandler
                0x0000000008000450                EXTI9_5_IRQHandler
                0x0000000008000450                SPI2_IRQHandler
                0x0000000008000450                DMA1_Channel5_IRQHandler
                0x0000000008000450                EXTI4_IRQHandler
                0x0000000008000450                USB_LP_CAN1_RX0_IRQHandler
                0x0000000008000450                USB_HP_CAN1_TX_IRQHandler
                0x0000000008000450                DMA1_Channel3_IRQHandler
                0x0000000008000450                TIM1_UP_IRQHandler
                0x0000000008000450                WWDG_IRQHandler
                0x0000000008000450                TIM2_IRQHandler
                0x0000000008000450                TIM1_BRK_IRQHandler
                0x0000000008000450                EXTI1_IRQHandler
                0x0000000008000450                USART2_IRQHandler
                0x0000000008000450                I2C2_ER_IRQHandler
                0x0000000008000450                DMA1_Channel2_IRQHandler
                0x0000000008000450                CAN1_SCE_IRQHandler
                0x0000000008000450                FLASH_IRQHandler
                0x0000000008000450                USART1_IRQHandler
                0x0000000008000450                I2C1_ER_IRQHandler
                0x0000000008000450                USBWakeUp_IRQHandler
 *fill*         0x0000000008000452        0x2 
 .text.HAL_Init
                0x0000000008000454       0x2c ./Drivers/STM32F1xx_HAL_Driver/Src/stm32f1xx_hal.o
                0x0000000008000454                HAL_Init
 .text.HAL_InitTick
                0x0000000008000480       0x60 ./Drivers/STM32F1xx_HAL_Driver/Src/stm32f1xx_hal.o
                0x0000000008000480                HAL_InitTick
 .text.HAL_IncTick
                0x00000000080004e0       0x24 ./Drivers/STM32F1xx_HAL_Driver/Src/stm32f1xx_hal.o
                0x00000000080004e0                HAL_IncTick
 .text.HAL_GetTick
                0x0000000008000504       0x14 ./Drivers/STM32F1xx_HAL_Driver/Src/stm32f1xx_hal.o
                0x0000000008000504                HAL_GetTick
 .text.__NVIC_SetPriorityGrouping
                0x0000000008000518       0x48 ./Drivers/STM32F1xx_HAL_Driver/Src/stm32f1xx_hal_cortex.o
 .text.__NVIC_GetPriorityGrouping
                0x0000000008000560       0x1c ./Drivers/STM32F1xx_HAL_Driver/Src/stm32f1xx_hal_cortex.o
 .text.__NVIC_SetPriority
                0x000000000800057c       0x54 ./Drivers/STM32F1xx_HAL_Driver/Src/stm32f1xx_hal_cortex.o
 .text.NVIC_EncodePriority
                0x00000000080005d0       0x64 ./Drivers/STM32F1xx_HAL_Driver/Src/stm32f1xx_hal_cortex.o
 .text.__NVIC_SystemReset
                0x0000000008000634       0x2c ./Drivers/STM32F1xx_HAL_Driver/Src/stm32f1xx_hal_cortex.o
 .text.SysTick_Config
                0x0000000008000660       0x44 ./Drivers/STM32F1xx_HAL_Driver/Src/stm32f1xx_hal_cortex.o
 .text.HAL_NVIC_SetPriorityGrouping
                0x00000000080006a4       0x16 ./Drivers/STM32F1xx_HAL_Driver/Src/stm32f1xx_hal_cortex.o
                0x00000000080006a4                HAL_NVIC_SetPriorityGrouping
 .text.HAL_NVIC_SetPriority
                0x00000000080006ba       0x38 ./Drivers/STM32F1xx_HAL_Driver/Src/stm32f1xx_hal_cortex.o
                0x00000000080006ba                HAL_NVIC_SetPriority
 .text.HAL_NVIC_SystemReset
                0x00000000080006f2        0x8 ./Drivers/STM32F1xx_HAL_Driver/Src/stm32f1xx_hal_cortex.o
                0x00000000080006f2                HAL_NVIC_SystemReset
 .text.HAL_SYSTICK_Config
                0x00000000080006fa       0x18 ./Drivers/STM32F1xx_HAL_Driver/Src/stm32f1xx_hal_cortex.o
                0x00000000080006fa                HAL_SYSTICK_Config
 .text.HAL_CRC_Init
                0x0000000008000712       0x38 ./Drivers/STM32F1xx_HAL_Driver/Src/stm32f1xx_hal_crc.o
                0x0000000008000712                HAL_CRC_Init
 .text.HAL_CRC_Accumulate
                0x000000000800074a       0x54 ./Drivers/STM32F1xx_HAL_Driver/Src/stm32f1xx_hal_crc.o
                0x000000000800074a                HAL_CRC_Accumulate
 *fill*         0x000000000800079e        0x2 
 .text.HAL_FLASH_Program
                0x00000000080007a0       0xe0 ./Drivers/STM32F1xx_HAL_Driver/Src/stm32f1xx_hal_flash.o
                0x00000000080007a0                HAL_FLASH_Program
 .text.HAL_FLASH_Unlock
                0x0000000008000880       0x4c ./Drivers/STM32F1xx_HAL_Driver/Src/stm32f1xx_hal_flash.o
                0x0000000008000880                HAL_FLASH_Unlock
 .text.HAL_FLASH_Lock
                0x00000000080008cc       0x20 ./Drivers/STM32F1xx_HAL_Driver/Src/stm32f1xx_hal_flash.o
                0x00000000080008cc                HAL_FLASH_Lock
 .text.HAL_FLASH_OB_Unlock
                0x00000000080008ec       0x38 ./Drivers/STM32F1xx_HAL_Driver/Src/stm32f1xx_hal_flash.o
                0x00000000080008ec                HAL_FLASH_OB_Unlock
 .text.HAL_FLASH_OB_Lock
                0x0000000008000924       0x20 ./Drivers/STM32F1xx_HAL_Driver/Src/stm32f1xx_hal_flash.o
                0x0000000008000924                HAL_FLASH_OB_Lock
 .text.HAL_FLASH_OB_Launch
                0x0000000008000944        0xc ./Drivers/STM32F1xx_HAL_Driver/Src/stm32f1xx_hal_flash.o
                0x0000000008000944                HAL_FLASH_OB_Launch
 .text.FLASH_Program_HalfWord
                0x0000000008000950       0x38 ./Drivers/STM32F1xx_HAL_Driver/Src/stm32f1xx_hal_flash.o
 .text.FLASH_WaitForLastOperation
                0x0000000008000988       0x8c ./Drivers/STM32F1xx_HAL_Driver/Src/stm32f1xx_hal_flash.o
                0x0000000008000988                FLASH_WaitForLastOperation
 .text.FLASH_SetErrorCode
                0x0000000008000a14       0xa0 ./Drivers/STM32F1xx_HAL_Driver/Src/stm32f1xx_hal_flash.o
 .text.HAL_FLASHEx_Erase
                0x0000000008000ab4       0xd8 ./Drivers/STM32F1xx_HAL_Driver/Src/stm32f1xx_hal_flash_ex.o
                0x0000000008000ab4                HAL_FLASHEx_Erase
 .text.HAL_FLASHEx_OBErase
                0x0000000008000b8c       0x84 ./Drivers/STM32F1xx_HAL_Driver/Src/stm32f1xx_hal_flash_ex.o
                0x0000000008000b8c                HAL_FLASHEx_OBErase
 .text.HAL_FLASHEx_OBProgram
                0x0000000008000c10       0xf8 ./Drivers/STM32F1xx_HAL_Driver/Src/stm32f1xx_hal_flash_ex.o
                0x0000000008000c10                HAL_FLASHEx_OBProgram
 .text.HAL_FLASHEx_OBGetConfig
                0x0000000008000d08       0x38 ./Drivers/STM32F1xx_HAL_Driver/Src/stm32f1xx_hal_flash_ex.o
                0x0000000008000d08                HAL_FLASHEx_OBGetConfig
 .text.FLASH_MassErase
                0x0000000008000d40       0x38 ./Drivers/STM32F1xx_HAL_Driver/Src/stm32f1xx_hal_flash_ex.o
 .text.FLASH_OB_EnableWRP
                0x0000000008000d78      0x144 ./Drivers/STM32F1xx_HAL_Driver/Src/stm32f1xx_hal_flash_ex.o
 .text.FLASH_OB_DisableWRP
                0x0000000008000ebc      0x140 ./Drivers/STM32F1xx_HAL_Driver/Src/stm32f1xx_hal_flash_ex.o
 .text.FLASH_OB_RDP_LevelConfig
                0x0000000008000ffc       0xa0 ./Drivers/STM32F1xx_HAL_Driver/Src/stm32f1xx_hal_flash_ex.o
 .text.FLASH_OB_UserConfig
                0x000000000800109c       0x70 ./Drivers/STM32F1xx_HAL_Driver/Src/stm32f1xx_hal_flash_ex.o
 .text.FLASH_OB_ProgramData
                0x000000000800110c       0x68 ./Drivers/STM32F1xx_HAL_Driver/Src/stm32f1xx_hal_flash_ex.o
 .text.FLASH_OB_GetWRP
                0x0000000008001174       0x14 ./Drivers/STM32F1xx_HAL_Driver/Src/stm32f1xx_hal_flash_ex.o
 .text.FLASH_OB_GetRDP
                0x0000000008001188       0x38 ./Drivers/STM32F1xx_HAL_Driver/Src/stm32f1xx_hal_flash_ex.o
 .text.FLASH_OB_GetUser
                0x00000000080011c0       0x20 ./Drivers/STM32F1xx_HAL_Driver/Src/stm32f1xx_hal_flash_ex.o
 .text.FLASH_PageErase
                0x00000000080011e0       0x40 ./Drivers/STM32F1xx_HAL_Driver/Src/stm32f1xx_hal_flash_ex.o
                0x00000000080011e0                FLASH_PageErase
 .text.HAL_GPIO_Init
                0x0000000008001220      0x308 ./Drivers/STM32F1xx_HAL_Driver/Src/stm32f1xx_hal_gpio.o
                0x0000000008001220                HAL_GPIO_Init
 .text.HAL_RCC_DeInit
                0x0000000008001528      0x134 ./Drivers/STM32F1xx_HAL_Driver/Src/stm32f1xx_hal_rcc.o
                0x0000000008001528                HAL_RCC_DeInit
 .text.HAL_RCC_OscConfig
                0x000000000800165c      0x504 ./Drivers/STM32F1xx_HAL_Driver/Src/stm32f1xx_hal_rcc.o
                0x000000000800165c                HAL_RCC_OscConfig
 .text.HAL_RCC_ClockConfig
                0x0000000008001b60      0x1d4 ./Drivers/STM32F1xx_HAL_Driver/Src/stm32f1xx_hal_rcc.o
                0x0000000008001b60                HAL_RCC_ClockConfig
 .text.HAL_RCC_GetSysClockFreq
                0x0000000008001d34       0xa8 ./Drivers/STM32F1xx_HAL_Driver/Src/stm32f1xx_hal_rcc.o
                0x0000000008001d34                HAL_RCC_GetSysClockFreq
 .text.HAL_RCC_GetHCLKFreq
                0x0000000008001ddc       0x14 ./Drivers/STM32F1xx_HAL_Driver/Src/stm32f1xx_hal_rcc.o
                0x0000000008001ddc                HAL_RCC_GetHCLKFreq
 .text.HAL_RCC_GetPCLK1Freq
                0x0000000008001df0       0x28 ./Drivers/STM32F1xx_HAL_Driver/Src/stm32f1xx_hal_rcc.o
                0x0000000008001df0                HAL_RCC_GetPCLK1Freq
 .text.HAL_RCC_GetPCLK2Freq
                0x0000000008001e18       0x28 ./Drivers/STM32F1xx_HAL_Driver/Src/stm32f1xx_hal_rcc.o
                0x0000000008001e18                HAL_RCC_GetPCLK2Freq
 .text.RCC_Delay
                0x0000000008001e40       0x3c ./Drivers/STM32F1xx_HAL_Driver/Src/stm32f1xx_hal_rcc.o
 .text.HAL_UART_Init
                0x0000000008001e7c       0xa0 ./Drivers/STM32F1xx_HAL_Driver/Src/stm32f1xx_hal_uart.o
                0x0000000008001e7c                HAL_UART_Init
 .text.HAL_UART_Transmit
                0x0000000008001f1c      0x116 ./Drivers/STM32F1xx_HAL_Driver/Src/stm32f1xx_hal_uart.o
                0x0000000008001f1c                HAL_UART_Transmit
 .text.HAL_UART_Receive
                0x0000000008002032      0x12e ./Drivers/STM32F1xx_HAL_Driver/Src/stm32f1xx_hal_uart.o
                0x0000000008002032                HAL_UART_Receive
 .text.UART_WaitOnFlagUntilTimeout
                0x0000000008002160       0xb2 ./Drivers/STM32F1xx_HAL_Driver/Src/stm32f1xx_hal_uart.o
 .text.UART_EndRxTransfer
                0x0000000008002212       0xc4 ./Drivers/STM32F1xx_HAL_Driver/Src/stm32f1xx_hal_uart.o
 *fill*         0x00000000080022d6        0x2 
 .text.UART_SetConfig
                0x00000000080022d8      0x11c ./Drivers/STM32F1xx_HAL_Driver/Src/stm32f1xx_hal_uart.o
 .text.Bootloader_Get_Command
                0x00000000080023f4      0x148 ./bootloader/bootloader.o
                0x00000000080023f4                Bootloader_Get_Command
 .text.Bootloader_Send_Data_To_Host
                0x000000000800253c       0x3c ./bootloader/bootloader.o
 .text.Bootloader_Send_Ack
                0x0000000008002578       0x28 ./bootloader/bootloader.o
 .text.Bootloader_Send_NAck
                0x00000000080025a0       0x28 ./bootloader/bootloader.o
 .text.isValidAddress
                0x00000000080025c8       0x4c ./bootloader/bootloader.o
 .text.Bootloader_Get_Version
                0x0000000008002614       0x26 ./bootloader/bootloader.o
 *fill*         0x000000000800263a        0x2 
 .text.Bootloader_Get_Help
                0x000000000800263c       0x20 ./bootloader/bootloader.o
 .text.Bootloader_Get_Chip_ID
                0x000000000800265c       0x34 ./bootloader/bootloader.o
 .text.Bootloader_Get_Read_Protection_Status
                0x0000000008002690       0x2e ./bootloader/bootloader.o
 .text.Bootloader_Go_TO_Address
                0x00000000080026be       0x4a ./bootloader/bootloader.o
 .text.Flash_Memory_Erase_Pages
                0x0000000008002708       0xb4 ./bootloader/bootloader.o
 .text.Bootloader_Erase_Flash
                0x00000000080027bc       0x54 ./bootloader/bootloader.o
 .text.Flash_Memory_Write_Page
                0x0000000008002810       0xb0 ./bootloader/bootloader.o
 .text.Jump_To_App_Main
                0x00000000080028c0       0x48 ./bootloader/bootloader.o
 .text.Bootloader_Write_Memory
                0x0000000008002908       0x62 ./bootloader/bootloader.o
 .text.Bootloader_Read_Memory
                0x000000000800296a       0x52 ./bootloader/bootloader.o
 .text.Bootloader_Set_Read_Protection_Level
                0x00000000080029bc       0xfc ./bootloader/bootloader.o
 .text.Bootloader_CRC_Verification
                0x0000000008002ab8       0x7c ./bootloader/bootloader.o
 .text.memset   0x0000000008002b34       0x10 /opt/st/stm32cubeide_1.13.1/plugins/com.st.stm32cube.ide.mcu.externaltools.gnu-tools-for-stm32.11.3.rel1.linux64_1.1.0.202305231506/tools/bin/../lib/gcc/arm-none-eabi/11.3.1/../../../../arm-none-eabi/lib/thumb/v7-m/nofp/libc_nano.a(libc_a-memset.o)
                0x0000000008002b34                memset
 .text.__libc_init_array
                0x0000000008002b44       0x48 /opt/st/stm32cubeide_1.13.1/plugins/com.st.stm32cube.ide.mcu.externaltools.gnu-tools-for-stm32.11.3.rel1.linux64_1.1.0.202305231506/tools/bin/../lib/gcc/arm-none-eabi/11.3.1/../../../../arm-none-eabi/lib/thumb/v7-m/nofp/libc_nano.a(libc_a-init.o)
                0x0000000008002b44                __libc_init_array
 *(.glue_7)
 .glue_7        0x0000000008002b8c        0x0 linker stubs
 *(.glue_7t)
 .glue_7t       0x0000000008002b8c        0x0 linker stubs
 *(.eh_frame)
 .eh_frame      0x0000000008002b8c        0x0 /opt/st/stm32cubeide_1.13.1/plugins/com.st.stm32cube.ide.mcu.externaltools.gnu-tools-for-stm32.11.3.rel1.linux64_1.1.0.202305231506/tools/bin/../lib/gcc/arm-none-eabi/11.3.1/thumb/v7-m/nofp/crtbegin.o
 *(.init)
 .init          0x0000000008002b8c        0x4 /opt/st/stm32cubeide_1.13.1/plugins/com.st.stm32cube.ide.mcu.externaltools.gnu-tools-for-stm32.11.3.rel1.linux64_1.1.0.202305231506/tools/bin/../lib/gcc/arm-none-eabi/11.3.1/thumb/v7-m/nofp/crti.o
                0x0000000008002b8c                _init
 .init          0x0000000008002b90        0x8 /opt/st/stm32cubeide_1.13.1/plugins/com.st.stm32cube.ide.mcu.externaltools.gnu-tools-for-stm32.11.3.rel1.linux64_1.1.0.202305231506/tools/bin/../lib/gcc/arm-none-eabi/11.3.1/thumb/v7-m/nofp/crtn.o
 *(.fini)
 .fini          0x0000000008002b98        0x4 /opt/st/stm32cubeide_1.13.1/plugins/com.st.stm32cube.ide.mcu.externaltools.gnu-tools-for-stm32.11.3.rel1.linux64_1.1.0.202305231506/tools/bin/../lib/gcc/arm-none-eabi/11.3.1/thumb/v7-m/nofp/crti.o
                0x0000000008002b98                _fini
 .fini          0x0000000008002b9c        0x8 /opt/st/stm32cubeide_1.13.1/plugins/com.st.stm32cube.ide.mcu.externaltools.gnu-tools-for-stm32.11.3.rel1.linux64_1.1.0.202305231506/tools/bin/../lib/gcc/arm-none-eabi/11.3.1/thumb/v7-m/nofp/crtn.o
                0x0000000008002ba4                . = ALIGN (0x4)
                0x0000000008002ba4                _etext = .

.vfp11_veneer   0x0000000008002ba4        0x0
 .vfp11_veneer  0x0000000008002ba4        0x0 linker stubs

.v4_bx          0x0000000008002ba4        0x0
 .v4_bx         0x0000000008002ba4        0x0 linker stubs

.iplt           0x0000000008002ba4        0x0
 .iplt          0x0000000008002ba4        0x0 /opt/st/stm32cubeide_1.13.1/plugins/com.st.stm32cube.ide.mcu.externaltools.gnu-tools-for-stm32.11.3.rel1.linux64_1.1.0.202305231506/tools/bin/../lib/gcc/arm-none-eabi/11.3.1/thumb/v7-m/nofp/crtbegin.o

.rodata         0x0000000008002ba4       0x2c
                0x0000000008002ba4                . = ALIGN (0x4)
 *(.rodata)
 *(.rodata*)
 .rodata.AHBPrescTable
                0x0000000008002ba4       0x10 ./Core/Src/system_stm32f1xx.o
                0x0000000008002ba4                AHBPrescTable
 .rodata.APBPrescTable
                0x0000000008002bb4        0x8 ./Core/Src/system_stm32f1xx.o
                0x0000000008002bb4                APBPrescTable
 .rodata.aPLLMULFactorTable.1
                0x0000000008002bbc       0x10 ./Drivers/STM32F1xx_HAL_Driver/Src/stm32f1xx_hal_rcc.o
 .rodata.aPredivFactorTable.0
                0x0000000008002bcc        0x2 ./Drivers/STM32F1xx_HAL_Driver/Src/stm32f1xx_hal_rcc.o
                0x0000000008002bd0                . = ALIGN (0x4)
 *fill*         0x0000000008002bce        0x2 

.rel.dyn        0x0000000008002bd0        0x0
 .rel.iplt      0x0000000008002bd0        0x0 /opt/st/stm32cubeide_1.13.1/plugins/com.st.stm32cube.ide.mcu.externaltools.gnu-tools-for-stm32.11.3.rel1.linux64_1.1.0.202305231506/tools/bin/../lib/gcc/arm-none-eabi/11.3.1/thumb/v7-m/nofp/crtbegin.o

.ARM.extab      0x0000000008002bd0        0x0
                0x0000000008002bd0                . = ALIGN (0x4)
 *(.ARM.extab* .gnu.linkonce.armextab.*)
                0x0000000008002bd0                . = ALIGN (0x4)

.ARM            0x0000000008002bd0        0x0
                0x0000000008002bd0                . = ALIGN (0x4)
                0x0000000008002bd0                __exidx_start = .
 *(.ARM.exidx*)
                0x0000000008002bd0                __exidx_end = .
                0x0000000008002bd0                . = ALIGN (0x4)

.preinit_array  0x0000000008002bd0        0x0
                0x0000000008002bd0                . = ALIGN (0x4)
                0x0000000008002bd0                PROVIDE (__preinit_array_start = .)
 *(.preinit_array*)
                0x0000000008002bd0                PROVIDE (__preinit_array_end = .)
                0x0000000008002bd0                . = ALIGN (0x4)

.init_array     0x0000000008002bd0        0x4
                0x0000000008002bd0                . = ALIGN (0x4)
                0x0000000008002bd0                PROVIDE (__init_array_start = .)
 *(SORT_BY_NAME(.init_array.*))
 *(.init_array*)
 .init_array    0x0000000008002bd0        0x4 /opt/st/stm32cubeide_1.13.1/plugins/com.st.stm32cube.ide.mcu.externaltools.gnu-tools-for-stm32.11.3.rel1.linux64_1.1.0.202305231506/tools/bin/../lib/gcc/arm-none-eabi/11.3.1/thumb/v7-m/nofp/crtbegin.o
                0x0000000008002bd4                PROVIDE (__init_array_end = .)
                0x0000000008002bd4                . = ALIGN (0x4)

.fini_array     0x0000000008002bd4        0x4
                0x0000000008002bd4                . = ALIGN (0x4)
                [!provide]                        PROVIDE (__fini_array_start = .)
 *(SORT_BY_NAME(.fini_array.*))
 *(.fini_array*)
 .fini_array    0x0000000008002bd4        0x4 /opt/st/stm32cubeide_1.13.1/plugins/com.st.stm32cube.ide.mcu.externaltools.gnu-tools-for-stm32.11.3.rel1.linux64_1.1.0.202305231506/tools/bin/../lib/gcc/arm-none-eabi/11.3.1/thumb/v7-m/nofp/crtbegin.o
                [!provide]                        PROVIDE (__fini_array_end = .)
                0x0000000008002bd8                . = ALIGN (0x4)
                0x0000000008002bd8                _sidata = LOADADDR (.data)

.data           0x0000000020000000       0x18 load address 0x0000000008002bd8
                0x0000000020000000                . = ALIGN (0x4)
                0x0000000020000000                _sdata = .
 *(.data)
 *(.data*)
 .data.SystemCoreClock
                0x0000000020000000        0x4 ./Core/Src/system_stm32f1xx.o
                0x0000000020000000                SystemCoreClock
 .data.uwTickPrio
                0x0000000020000004        0x4 ./Drivers/STM32F1xx_HAL_Driver/Src/stm32f1xx_hal.o
                0x0000000020000004                uwTickPrio
 .data.uwTickFreq
                0x0000000020000008        0x1 ./Drivers/STM32F1xx_HAL_Driver/Src/stm32f1xx_hal.o
                0x0000000020000008                uwTickFreq
 *fill*         0x0000000020000009        0x3 
 .data.BL_Commands
                0x000000002000000c        0xa ./bootloader/bootloader.o
                0x000000002000000c                BL_Commands
 *(.RamFunc)
 *(.RamFunc*)
                0x0000000020000018                . = ALIGN (0x4)
 *fill*         0x0000000020000016        0x2 
                0x0000000020000018                _edata = .

.igot.plt       0x0000000020000018        0x0 load address 0x0000000008002bf0
 .igot.plt      0x0000000020000018        0x0 /opt/st/stm32cubeide_1.13.1/plugins/com.st.stm32cube.ide.mcu.externaltools.gnu-tools-for-stm32.11.3.rel1.linux64_1.1.0.202305231506/tools/bin/../lib/gcc/arm-none-eabi/11.3.1/thumb/v7-m/nofp/crtbegin.o
                0x0000000020000018                . = ALIGN (0x4)

.bss            0x0000000020000018      0x4ac load address 0x0000000008002bf0
                0x0000000020000018                _sbss = .
                0x0000000020000018                __bss_start__ = _sbss
 *(.bss)
 .bss           0x0000000020000018       0x1c /opt/st/stm32cubeide_1.13.1/plugins/com.st.stm32cube.ide.mcu.externaltools.gnu-tools-for-stm32.11.3.rel1.linux64_1.1.0.202305231506/tools/bin/../lib/gcc/arm-none-eabi/11.3.1/thumb/v7-m/nofp/crtbegin.o
 *(.bss*)
 .bss.hcrc      0x0000000020000034        0x8 ./Core/Src/main.o
                0x0000000020000034                hcrc
 .bss.huart1    0x000000002000003c       0x48 ./Core/Src/main.o
                0x000000002000003c                huart1
 .bss.uwTick    0x0000000020000084        0x4 ./Drivers/STM32F1xx_HAL_Driver/Src/stm32f1xx_hal.o
                0x0000000020000084                uwTick
 .bss.pFlash    0x0000000020000088       0x20 ./Drivers/STM32F1xx_HAL_Driver/Src/stm32f1xx_hal_flash.o
                0x0000000020000088                pFlash
 .bss.BL_Buffer
                0x00000000200000a8      0x41a ./bootloader/bootloader.o
 *(COMMON)
                0x00000000200004c4                . = ALIGN (0x4)
 *fill*         0x00000000200004c2        0x2 
                0x00000000200004c4                _ebss = .
                0x00000000200004c4                __bss_end__ = _ebss

._user_heap_stack
                0x00000000200004c4      0x604 load address 0x0000000008002bf0
                0x00000000200004c8                . = ALIGN (0x8)
 *fill*         0x00000000200004c4        0x4 
                [!provide]                        PROVIDE (end = .)
                0x00000000200004c8                PROVIDE (_end = .)
                0x00000000200006c8                . = (. + _Min_Heap_Size)
 *fill*         0x00000000200004c8      0x200 
                0x0000000020000ac8                . = (. + _Min_Stack_Size)
 *fill*         0x00000000200006c8      0x400 
                0x0000000020000ac8                . = ALIGN (0x8)

/DISCARD/
 libc.a(*)
 libm.a(*)
 libgcc.a(*)

.ARM.attributes
                0x0000000000000000       0x29
 *(.ARM.attributes)
 .ARM.attributes
                0x0000000000000000       0x1d /opt/st/stm32cubeide_1.13.1/plugins/com.st.stm32cube.ide.mcu.externaltools.gnu-tools-for-stm32.11.3.rel1.linux64_1.1.0.202305231506/tools/bin/../lib/gcc/arm-none-eabi/11.3.1/thumb/v7-m/nofp/crti.o
 .ARM.attributes
                0x000000000000001d       0x2d /opt/st/stm32cubeide_1.13.1/plugins/com.st.stm32cube.ide.mcu.externaltools.gnu-tools-for-stm32.11.3.rel1.linux64_1.1.0.202305231506/tools/bin/../lib/gcc/arm-none-eabi/11.3.1/thumb/v7-m/nofp/crtbegin.o
 .ARM.attributes
                0x000000000000004a       0x2d ./Core/Src/main.o
 .ARM.attributes
                0x0000000000000077       0x2d ./Core/Src/stm32f1xx_hal_msp.o
 .ARM.attributes
                0x00000000000000a4       0x2d ./Core/Src/stm32f1xx_it.o
 .ARM.attributes
                0x00000000000000d1       0x2d ./Core/Src/system_stm32f1xx.o
 .ARM.attributes
                0x00000000000000fe       0x21 ./Core/Startup/startup_stm32f103c8tx.o
 .ARM.attributes
                0x000000000000011f       0x2d ./Drivers/STM32F1xx_HAL_Driver/Src/stm32f1xx_hal.o
 .ARM.attributes
                0x000000000000014c       0x2d ./Drivers/STM32F1xx_HAL_Driver/Src/stm32f1xx_hal_cortex.o
 .ARM.attributes
                0x0000000000000179       0x2d ./Drivers/STM32F1xx_HAL_Driver/Src/stm32f1xx_hal_crc.o
 .ARM.attributes
                0x00000000000001a6       0x2d ./Drivers/STM32F1xx_HAL_Driver/Src/stm32f1xx_hal_flash.o
 .ARM.attributes
                0x00000000000001d3       0x2d ./Drivers/STM32F1xx_HAL_Driver/Src/stm32f1xx_hal_flash_ex.o
 .ARM.attributes
                0x0000000000000200       0x2d ./Drivers/STM32F1xx_HAL_Driver/Src/stm32f1xx_hal_gpio.o
 .ARM.attributes
                0x000000000000022d       0x2d ./Drivers/STM32F1xx_HAL_Driver/Src/stm32f1xx_hal_rcc.o
 .ARM.attributes
                0x000000000000025a       0x2d ./Drivers/STM32F1xx_HAL_Driver/Src/stm32f1xx_hal_uart.o
 .ARM.attributes
                0x0000000000000287       0x2d ./bootloader/bootloader.o
 .ARM.attributes
                0x00000000000002b4       0x2d /opt/st/stm32cubeide_1.13.1/plugins/com.st.stm32cube.ide.mcu.externaltools.gnu-tools-for-stm32.11.3.rel1.linux64_1.1.0.202305231506/tools/bin/../lib/gcc/arm-none-eabi/11.3.1/../../../../arm-none-eabi/lib/thumb/v7-m/nofp/libc_nano.a(libc_a-memset.o)
 .ARM.attributes
                0x00000000000002e1       0x2d /opt/st/stm32cubeide_1.13.1/plugins/com.st.stm32cube.ide.mcu.externaltools.gnu-tools-for-stm32.11.3.rel1.linux64_1.1.0.202305231506/tools/bin/../lib/gcc/arm-none-eabi/11.3.1/../../../../arm-none-eabi/lib/thumb/v7-m/nofp/libc_nano.a(libc_a-init.o)
 .ARM.attributes
                0x000000000000030e       0x1d /opt/st/stm32cubeide_1.13.1/plugins/com.st.stm32cube.ide.mcu.externaltools.gnu-tools-for-stm32.11.3.rel1.linux64_1.1.0.202305231506/tools/bin/../lib/gcc/arm-none-eabi/11.3.1/thumb/v7-m/nofp/crtn.o
OUTPUT(Bootloader.elf elf32-littlearm)
LOAD linker stubs
LOAD /opt/st/stm32cubeide_1.13.1/plugins/com.st.stm32cube.ide.mcu.externaltools.gnu-tools-for-stm32.11.3.rel1.linux64_1.1.0.202305231506/tools/bin/../lib/gcc/arm-none-eabi/11.3.1/../../../../arm-none-eabi/lib/thumb/v7-m/nofp/libc.a
LOAD /opt/st/stm32cubeide_1.13.1/plugins/com.st.stm32cube.ide.mcu.externaltools.gnu-tools-for-stm32.11.3.rel1.linux64_1.1.0.202305231506/tools/bin/../lib/gcc/arm-none-eabi/11.3.1/../../../../arm-none-eabi/lib/thumb/v7-m/nofp/libm.a
LOAD /opt/st/stm32cubeide_1.13.1/plugins/com.st.stm32cube.ide.mcu.externaltools.gnu-tools-for-stm32.11.3.rel1.linux64_1.1.0.202305231506/tools/bin/../lib/gcc/arm-none-eabi/11.3.1/thumb/v7-m/nofp/libgcc.a

.comment        0x0000000000000000       0x43
 .comment       0x0000000000000000       0x43 /opt/st/stm32cubeide_1.13.1/plugins/com.st.stm32cube.ide.mcu.externaltools.gnu-tools-for-stm32.11.3.rel1.linux64_1.1.0.202305231506/tools/bin/../lib/gcc/arm-none-eabi/11.3.1/thumb/v7-m/nofp/crtbegin.o
                                         0x44 (size before relaxing)
 .comment       0x0000000000000043       0x44 ./Core/Src/main.o
 .comment       0x0000000000000043       0x44 ./Core/Src/stm32f1xx_hal_msp.o
 .comment       0x0000000000000043       0x44 ./Core/Src/stm32f1xx_it.o
 .comment       0x0000000000000043       0x44 ./Core/Src/system_stm32f1xx.o
 .comment       0x0000000000000043       0x44 ./Drivers/STM32F1xx_HAL_Driver/Src/stm32f1xx_hal.o
 .comment       0x0000000000000043       0x44 ./Drivers/STM32F1xx_HAL_Driver/Src/stm32f1xx_hal_cortex.o
 .comment       0x0000000000000043       0x44 ./Drivers/STM32F1xx_HAL_Driver/Src/stm32f1xx_hal_crc.o
 .comment       0x0000000000000043       0x44 ./Drivers/STM32F1xx_HAL_Driver/Src/stm32f1xx_hal_flash.o
 .comment       0x0000000000000043       0x44 ./Drivers/STM32F1xx_HAL_Driver/Src/stm32f1xx_hal_flash_ex.o
 .comment       0x0000000000000043       0x44 ./Drivers/STM32F1xx_HAL_Driver/Src/stm32f1xx_hal_gpio.o
 .comment       0x0000000000000043       0x44 ./Drivers/STM32F1xx_HAL_Driver/Src/stm32f1xx_hal_rcc.o
 .comment       0x0000000000000043       0x44 ./Drivers/STM32F1xx_HAL_Driver/Src/stm32f1xx_hal_uart.o
 .comment       0x0000000000000043       0x44 ./bootloader/bootloader.o

.debug_info     0x0000000000000000     0x852c
 .debug_info    0x0000000000000000      0x971 ./Core/Src/main.o
 .debug_info    0x0000000000000971      0x896 ./Core/Src/stm32f1xx_hal_msp.o
 .debug_info    0x0000000000001207      0x113 ./Core/Src/stm32f1xx_it.o
 .debug_info    0x000000000000131a      0x222 ./Core/Src/system_stm32f1xx.o
 .debug_info    0x000000000000153c       0x23 ./Core/Startup/startup_stm32f103c8tx.o
 .debug_info    0x000000000000155f      0x704 ./Drivers/STM32F1xx_HAL_Driver/Src/stm32f1xx_hal.o
 .debug_info    0x0000000000001c63      0xa87 ./Drivers/STM32F1xx_HAL_Driver/Src/stm32f1xx_hal_cortex.o
 .debug_info    0x00000000000026ea      0x37f ./Drivers/STM32F1xx_HAL_Driver/Src/stm32f1xx_hal_crc.o
 .debug_info    0x0000000000002a69      0x4f8 ./Drivers/STM32F1xx_HAL_Driver/Src/stm32f1xx_hal_flash.o
 .debug_info    0x0000000000002f61      0x777 ./Drivers/STM32F1xx_HAL_Driver/Src/stm32f1xx_hal_flash_ex.o
 .debug_info    0x00000000000036d8      0x5ab ./Drivers/STM32F1xx_HAL_Driver/Src/stm32f1xx_hal_gpio.o
 .debug_info    0x0000000000003c83      0x7d5 ./Drivers/STM32F1xx_HAL_Driver/Src/stm32f1xx_hal_rcc.o
 .debug_info    0x0000000000004458     0x2eed ./Drivers/STM32F1xx_HAL_Driver/Src/stm32f1xx_hal_uart.o
 .debug_info    0x0000000000007345     0x11e7 ./bootloader/bootloader.o

.debug_abbrev   0x0000000000000000     0x1be9
 .debug_abbrev  0x0000000000000000      0x255 ./Core/Src/main.o
 .debug_abbrev  0x0000000000000255      0x1b7 ./Core/Src/stm32f1xx_hal_msp.o
 .debug_abbrev  0x000000000000040c       0x73 ./Core/Src/stm32f1xx_it.o
 .debug_abbrev  0x000000000000047f      0x13f ./Core/Src/system_stm32f1xx.o
 .debug_abbrev  0x00000000000005be       0x12 ./Core/Startup/startup_stm32f103c8tx.o
 .debug_abbrev  0x00000000000005d0      0x201 ./Drivers/STM32F1xx_HAL_Driver/Src/stm32f1xx_hal.o
 .debug_abbrev  0x00000000000007d1      0x2f8 ./Drivers/STM32F1xx_HAL_Driver/Src/stm32f1xx_hal_cortex.o
 .debug_abbrev  0x0000000000000ac9      0x1b1 ./Drivers/STM32F1xx_HAL_Driver/Src/stm32f1xx_hal_crc.o
 .debug_abbrev  0x0000000000000c7a      0x250 ./Drivers/STM32F1xx_HAL_Driver/Src/stm32f1xx_hal_flash.o
 .debug_abbrev  0x0000000000000eca      0x247 ./Drivers/STM32F1xx_HAL_Driver/Src/stm32f1xx_hal_flash_ex.o
 .debug_abbrev  0x0000000000001111      0x1ca ./Drivers/STM32F1xx_HAL_Driver/Src/stm32f1xx_hal_gpio.o
 .debug_abbrev  0x00000000000012db      0x2b3 ./Drivers/STM32F1xx_HAL_Driver/Src/stm32f1xx_hal_rcc.o
 .debug_abbrev  0x000000000000158e      0x2f8 ./Drivers/STM32F1xx_HAL_Driver/Src/stm32f1xx_hal_uart.o
 .debug_abbrev  0x0000000000001886      0x363 ./bootloader/bootloader.o

.debug_aranges  0x0000000000000000      0x828
 .debug_aranges
                0x0000000000000000       0x48 ./Core/Src/main.o
 .debug_aranges
                0x0000000000000048       0x40 ./Core/Src/stm32f1xx_hal_msp.o
 .debug_aranges
                0x0000000000000088       0x60 ./Core/Src/stm32f1xx_it.o
 .debug_aranges
                0x00000000000000e8       0x28 ./Core/Src/system_stm32f1xx.o
 .debug_aranges
                0x0000000000000110       0x28 ./Core/Startup/startup_stm32f103c8tx.o
 .debug_aranges
                0x0000000000000138       0xe0 ./Drivers/STM32F1xx_HAL_Driver/Src/stm32f1xx_hal.o
 .debug_aranges
                0x0000000000000218      0x100 ./Drivers/STM32F1xx_HAL_Driver/Src/stm32f1xx_hal_cortex.o
 .debug_aranges
                0x0000000000000318       0x50 ./Drivers/STM32F1xx_HAL_Driver/Src/stm32f1xx_hal_crc.o
 .debug_aranges
                0x0000000000000368       0x88 ./Drivers/STM32F1xx_HAL_Driver/Src/stm32f1xx_hal_flash.o
 .debug_aranges
                0x00000000000003f0       0x98 ./Drivers/STM32F1xx_HAL_Driver/Src/stm32f1xx_hal_flash_ex.o
 .debug_aranges
                0x0000000000000488       0x58 ./Drivers/STM32F1xx_HAL_Driver/Src/stm32f1xx_hal_gpio.o
 .debug_aranges
                0x00000000000004e0       0x90 ./Drivers/STM32F1xx_HAL_Driver/Src/stm32f1xx_hal_rcc.o
 .debug_aranges
                0x0000000000000570      0x208 ./Drivers/STM32F1xx_HAL_Driver/Src/stm32f1xx_hal_uart.o
 .debug_aranges
                0x0000000000000778       0xb0 ./bootloader/bootloader.o

.debug_rnglists
                0x0000000000000000      0x62b
 .debug_rnglists
                0x0000000000000000       0x31 ./Core/Src/main.o
 .debug_rnglists
                0x0000000000000031       0x2c ./Core/Src/stm32f1xx_hal_msp.o
 .debug_rnglists
                0x000000000000005d       0x43 ./Core/Src/stm32f1xx_it.o
 .debug_rnglists
                0x00000000000000a0       0x1a ./Core/Src/system_stm32f1xx.o
 .debug_rnglists
                0x00000000000000ba       0x19 ./Core/Startup/startup_stm32f103c8tx.o
 .debug_rnglists
                0x00000000000000d3       0xa3 ./Drivers/STM32F1xx_HAL_Driver/Src/stm32f1xx_hal.o
 .debug_rnglists
                0x0000000000000176       0xbb ./Drivers/STM32F1xx_HAL_Driver/Src/stm32f1xx_hal_cortex.o
 .debug_rnglists
                0x0000000000000231       0x37 ./Drivers/STM32F1xx_HAL_Driver/Src/stm32f1xx_hal_crc.o
 .debug_rnglists
                0x0000000000000268       0x66 ./Drivers/STM32F1xx_HAL_Driver/Src/stm32f1xx_hal_flash.o
 .debug_rnglists
                0x00000000000002ce       0x73 ./Drivers/STM32F1xx_HAL_Driver/Src/stm32f1xx_hal_flash_ex.o
 .debug_rnglists
                0x0000000000000341       0x3f ./Drivers/STM32F1xx_HAL_Driver/Src/stm32f1xx_hal_gpio.o
 .debug_rnglists
                0x0000000000000380       0x6c ./Drivers/STM32F1xx_HAL_Driver/Src/stm32f1xx_hal_rcc.o
 .debug_rnglists
                0x00000000000003ec      0x1bc ./Drivers/STM32F1xx_HAL_Driver/Src/stm32f1xx_hal_uart.o
 .debug_rnglists
                0x00000000000005a8       0x83 ./bootloader/bootloader.o

.debug_macro    0x0000000000000000    0x165cc
 .debug_macro   0x0000000000000000      0x1be ./Core/Src/main.o
 .debug_macro   0x00000000000001be      0xa9c ./Core/Src/main.o
 .debug_macro   0x0000000000000c5a      0x21b ./Core/Src/main.o
 .debug_macro   0x0000000000000e75       0x2e ./Core/Src/main.o
 .debug_macro   0x0000000000000ea3       0x22 ./Core/Src/main.o
 .debug_macro   0x0000000000000ec5       0x22 ./Core/Src/main.o
 .debug_macro   0x0000000000000ee7       0x8e ./Core/Src/main.o
 .debug_macro   0x0000000000000f75       0x51 ./Core/Src/main.o
 .debug_macro   0x0000000000000fc6      0x103 ./Core/Src/main.o
 .debug_macro   0x00000000000010c9       0x6a ./Core/Src/main.o
 .debug_macro   0x0000000000001133      0x1df ./Core/Src/main.o
 .debug_macro   0x0000000000001312       0x1c ./Core/Src/main.o
 .debug_macro   0x000000000000132e       0x22 ./Core/Src/main.o
 .debug_macro   0x0000000000001350       0xbd ./Core/Src/main.o
 .debug_macro   0x000000000000140d      0xd23 ./Core/Src/main.o
 .debug_macro   0x0000000000002130     0xe09e ./Core/Src/main.o
 .debug_macro   0x00000000000101ce       0x6d ./Core/Src/main.o
 .debug_macro   0x000000000001023b     0x34a2 ./Core/Src/main.o
 .debug_macro   0x00000000000136dd      0x174 ./Core/Src/main.o
 .debug_macro   0x0000000000013851       0x5c ./Core/Src/main.o
 .debug_macro   0x00000000000138ad      0x5bc ./Core/Src/main.o
 .debug_macro   0x0000000000013e69      0x289 ./Core/Src/main.o
 .debug_macro   0x00000000000140f2      0x1cb ./Core/Src/main.o
 .debug_macro   0x00000000000142bd      0x114 ./Core/Src/main.o
 .debug_macro   0x00000000000143d1      0x1b2 ./Core/Src/main.o
 .debug_macro   0x0000000000014583       0x27 ./Core/Src/main.o
 .debug_macro   0x00000000000145aa      0x136 ./Core/Src/main.o
 .debug_macro   0x00000000000146e0      0x1bc ./Core/Src/main.o
 .debug_macro   0x000000000001489c       0x34 ./Core/Src/main.o
 .debug_macro   0x00000000000148d0       0x3c ./Core/Src/main.o
 .debug_macro   0x000000000001490c       0x57 ./Core/Src/main.o
 .debug_macro   0x0000000000014963       0x22 ./Core/Src/main.o
 .debug_macro   0x0000000000014985       0x87 ./Core/Src/main.o
 .debug_macro   0x0000000000014a0c      0x240 ./Core/Src/main.o
 .debug_macro   0x0000000000014c4c      0x140 ./Core/Src/main.o
 .debug_macro   0x0000000000014d8c      0x28e ./Core/Src/main.o
 .debug_macro   0x000000000001501a       0x83 ./Core/Src/main.o
 .debug_macro   0x000000000001509d       0x58 ./Core/Src/main.o
 .debug_macro   0x00000000000150f5       0xc9 ./Core/Src/main.o
 .debug_macro   0x00000000000151be      0x1a2 ./Core/Src/stm32f1xx_hal_msp.o
 .debug_macro   0x0000000000015360      0x1ac ./Core/Src/stm32f1xx_it.o
 .debug_macro   0x000000000001550c      0x198 ./Core/Src/system_stm32f1xx.o
 .debug_macro   0x00000000000156a4      0x1bc ./Drivers/STM32F1xx_HAL_Driver/Src/stm32f1xx_hal.o
 .debug_macro   0x0000000000015860      0x198 ./Drivers/STM32F1xx_HAL_Driver/Src/stm32f1xx_hal_cortex.o
 .debug_macro   0x00000000000159f8      0x198 ./Drivers/STM32F1xx_HAL_Driver/Src/stm32f1xx_hal_crc.o
 .debug_macro   0x0000000000015b90      0x198 ./Drivers/STM32F1xx_HAL_Driver/Src/stm32f1xx_hal_flash.o
 .debug_macro   0x0000000000015d28      0x1aa ./Drivers/STM32F1xx_HAL_Driver/Src/stm32f1xx_hal_flash_ex.o
 .debug_macro   0x0000000000015ed2      0x203 ./Drivers/STM32F1xx_HAL_Driver/Src/stm32f1xx_hal_gpio.o
 .debug_macro   0x00000000000160d5      0x1aa ./Drivers/STM32F1xx_HAL_Driver/Src/stm32f1xx_hal_rcc.o
 .debug_macro   0x000000000001627f      0x199 ./Drivers/STM32F1xx_HAL_Driver/Src/stm32f1xx_hal_uart.o
 .debug_macro   0x0000000000016418      0x1b4 ./bootloader/bootloader.o

.debug_line     0x0000000000000000     0x93cb
 .debug_line    0x0000000000000000      0x758 ./Core/Src/main.o
 .debug_line    0x0000000000000758      0x6b3 ./Core/Src/stm32f1xx_hal_msp.o
 .debug_line    0x0000000000000e0b      0x6ea ./Core/Src/stm32f1xx_it.o
 .debug_line    0x00000000000014f5      0x6a6 ./Core/Src/system_stm32f1xx.o
 .debug_line    0x0000000000001b9b       0x78 ./Core/Startup/startup_stm32f103c8tx.o
 .debug_line    0x0000000000001c13      0x8d3 ./Drivers/STM32F1xx_HAL_Driver/Src/stm32f1xx_hal.o
 .debug_line    0x00000000000024e6      0xabb ./Drivers/STM32F1xx_HAL_Driver/Src/stm32f1xx_hal_cortex.o
 .debug_line    0x0000000000002fa1      0x76e ./Drivers/STM32F1xx_HAL_Driver/Src/stm32f1xx_hal_crc.o
 .debug_line    0x000000000000370f      0x992 ./Drivers/STM32F1xx_HAL_Driver/Src/stm32f1xx_hal_flash.o
 .debug_line    0x00000000000040a1      0xa74 ./Drivers/STM32F1xx_HAL_Driver/Src/stm32f1xx_hal_flash_ex.o
 .debug_line    0x0000000000004b15      0x96c ./Drivers/STM32F1xx_HAL_Driver/Src/stm32f1xx_hal_gpio.o
 .debug_line    0x0000000000005481      0xcdc ./Drivers/STM32F1xx_HAL_Driver/Src/stm32f1xx_hal_rcc.o
 .debug_line    0x000000000000615d     0x2797 ./Drivers/STM32F1xx_HAL_Driver/Src/stm32f1xx_hal_uart.o
 .debug_line    0x00000000000088f4      0xad7 ./bootloader/bootloader.o

.debug_str      0x0000000000000000    0x7f23c
 .debug_str     0x0000000000000000    0x7d15a ./Core/Src/main.o
                                      0x7d517 (size before relaxing)
 .debug_str     0x000000000007d15a       0xd9 ./Core/Src/stm32f1xx_hal_msp.o
                                      0x7cfcd (size before relaxing)
 .debug_str     0x000000000007d233       0xc9 ./Core/Src/stm32f1xx_it.o
                                      0x7cab8 (size before relaxing)
 .debug_str     0x000000000007d2fc       0x7e ./Core/Src/system_stm32f1xx.o
                                      0x7cace (size before relaxing)
 .debug_str     0x000000000007d37a       0x34 ./Core/Startup/startup_stm32f103c8tx.o
                                         0x67 (size before relaxing)
 .debug_str     0x000000000007d3ae      0x611 ./Drivers/STM32F1xx_HAL_Driver/Src/stm32f1xx_hal.o
                                      0x7d201 (size before relaxing)
 .debug_str     0x000000000007d9bf      0x2bb ./Drivers/STM32F1xx_HAL_Driver/Src/stm32f1xx_hal_cortex.o
                                      0x7d14d (size before relaxing)
 .debug_str     0x000000000007dc7a       0x9d ./Drivers/STM32F1xx_HAL_Driver/Src/stm32f1xx_hal_crc.o
                                      0x7cc10 (size before relaxing)
 .debug_str     0x000000000007dd17      0x290 ./Drivers/STM32F1xx_HAL_Driver/Src/stm32f1xx_hal_flash.o
                                      0x7cda9 (size before relaxing)
 .debug_str     0x000000000007dfa7      0x361 ./Drivers/STM32F1xx_HAL_Driver/Src/stm32f1xx_hal_flash_ex.o
                                      0x7cf57 (size before relaxing)
 .debug_str     0x000000000007e308      0x341 ./Drivers/STM32F1xx_HAL_Driver/Src/stm32f1xx_hal_gpio.o
                                      0x7ce54 (size before relaxing)
 .debug_str     0x000000000007e649      0x229 ./Drivers/STM32F1xx_HAL_Driver/Src/stm32f1xx_hal_rcc.o
                                      0x7cefd (size before relaxing)
 .debug_str     0x000000000007e872      0x669 ./Drivers/STM32F1xx_HAL_Driver/Src/stm32f1xx_hal_uart.o
                                      0x7d56e (size before relaxing)
 .debug_str     0x000000000007eedb      0x361 ./bootloader/bootloader.o
                                      0x7d8b5 (size before relaxing)

.debug_frame    0x0000000000000000     0x1fa4
 .debug_frame   0x0000000000000000       0xc8 ./Core/Src/main.o
 .debug_frame   0x00000000000000c8       0xd0 ./Core/Src/stm32f1xx_hal_msp.o
 .debug_frame   0x0000000000000198      0x104 ./Core/Src/stm32f1xx_it.o
 .debug_frame   0x000000000000029c       0x58 ./Core/Src/system_stm32f1xx.o
 .debug_frame   0x00000000000002f4      0x334 ./Drivers/STM32F1xx_HAL_Driver/Src/stm32f1xx_hal.o
 .debug_frame   0x0000000000000628      0x428 ./Drivers/STM32F1xx_HAL_Driver/Src/stm32f1xx_hal_cortex.o
 .debug_frame   0x0000000000000a50      0x120 ./Drivers/STM32F1xx_HAL_Driver/Src/stm32f1xx_hal_crc.o
 .debug_frame   0x0000000000000b70      0x20c ./Drivers/STM32F1xx_HAL_Driver/Src/stm32f1xx_hal_flash.o
 .debug_frame   0x0000000000000d7c      0x258 ./Drivers/STM32F1xx_HAL_Driver/Src/stm32f1xx_hal_flash_ex.o
 .debug_frame   0x0000000000000fd4      0x14c ./Drivers/STM32F1xx_HAL_Driver/Src/stm32f1xx_hal_gpio.o
 .debug_frame   0x0000000000001120      0x218 ./Drivers/STM32F1xx_HAL_Driver/Src/stm32f1xx_hal_rcc.o
 .debug_frame   0x0000000000001338      0x944 ./Drivers/STM32F1xx_HAL_Driver/Src/stm32f1xx_hal_uart.o
 .debug_frame   0x0000000000001c7c      0x2dc ./bootloader/bootloader.o
 .debug_frame   0x0000000000001f58       0x20 /opt/st/stm32cubeide_1.13.1/plugins/com.st.stm32cube.ide.mcu.externaltools.gnu-tools-for-stm32.11.3.rel1.linux64_1.1.0.202305231506/tools/bin/../lib/gcc/arm-none-eabi/11.3.1/../../../../arm-none-eabi/lib/thumb/v7-m/nofp/libc_nano.a(libc_a-memset.o)
 .debug_frame   0x0000000000001f78       0x2c /opt/st/stm32cubeide_1.13.1/plugins/com.st.stm32cube.ide.mcu.externaltools.gnu-tools-for-stm32.11.3.rel1.linux64_1.1.0.202305231506/tools/bin/../lib/gcc/arm-none-eabi/11.3.1/../../../../arm-none-eabi/lib/thumb/v7-m/nofp/libc_nano.a(libc_a-init.o)

.debug_line_str
                0x0000000000000000       0x5b
 .debug_line_str
                0x0000000000000000       0x5b ./Core/Startup/startup_stm32f103c8tx.o
                                         0x73 (size before relaxing)
