../bootloader/bootloader.c:93:11:Bootloader_Get_Command	24	static
../bootloader/bootloader.c:185:6:Bootloader_Write_Message	120	static
../bootloader/bootloader.c:210:13:Bootloader_Send_Data_To_Host	16	static
../bootloader/bootloader.c:225:13:Bootloader_Send_Ack	16	static
../bootloader/bootloader.c:239:13:Bootloader_Send_NAck	16	static
../bootloader/bootloader.c:253:16:isValidAddress	24	static
../bootloader/bootloader.c:275:13:Bootloader_Get_Version	24	static
../bootloader/bootloader.c:291:13:Bootloader_Get_Help	16	static
../bootloader/bootloader.c:305:13:Bootloader_Get_Chip_ID	24	static
../bootloader/bootloader.c:322:13:Bootloader_Get_Read_Protection_Status	48	static
../bootloader/bootloader.c:342:18:Bootloader_Go_TO_Address	32	static
../bootloader/bootloader.c:374:16:Flash_Memory_Erase_Pages	40	static
../bootloader/bootloader.c:430:18:Bootloader_Erase_Flash	24	static
../bootloader/bootloader.c:465:16:Flash_Memory_Write_Page	48	static
../bootloader/bootloader.c:504:13:Jump_To_App_Main	32	static,ignoring_inline_asm
../bootloader/bootloader.c:527:18:Bootloader_Write_Memory	24	static
../bootloader/bootloader.c:564:18:Bootloader_Read_Memory	32	static
../bootloader/bootloader.c:592:18:Bootloader_Set_Read_Protection_Level	48	static
../bootloader/bootloader.c:676:16:Bootloader_CRC_Verification	40	static
